python : 2026-03-30 16:08:02,742 | __main__ | INFO | 
At line:1 char:1
+ python python/comprehensive_integration_test.py > test_output.txt 2>& ...
+ ~~~~~~~~~~~~~~~~~~~~~~~~~~~~~~~~~~~~~~~~~~~~~~~~~~~~~~~~~~~~~~~~~~~~~
    + CategoryInfo          : NotSpecified: (2026-03-30 16:0...ain__ | INFO |  
   :String) [], RemoteException
    + FullyQualifiedErrorId : NativeCommandError
 
\u2550\u2550\u2550\u2550\u2550\u2550\u2550\u2550\u2550\u2550\u2550\u2550\u2550\
u2550\u2550\u2550\u2550\u2550\u2550\u2550\u2550\u2550\u2550\u2550\u2550\u2550\u
2550\u2550\u2550\u2550\u2550\u2550\u2550\u2550\u2550\u2550\u2550\u2550\u2550\u2
550\u2550\u2550\u2550\u2550\u2550\u2550\u2550\u2550\u2550\u2550\u2550\u2550\u25
50\u2550\u2550\u2550\u2550\u2550\u2550\u2550\u2550\u2550\u2550\u2550\u2550\u255
0\u2550\u2550\u2550\u2550
2026-03-30 16:08:02,742 | __main__ | INFO | RTL-Gen AI Comprehensive 
Integration Test Suite
2026-03-30 16:08:02,742 | __main__ | INFO | \u2550\u2550\u2550\u2550\u2550\u255
0\u2550\u2550\u2550\u2550\u2550\u2550\u2550\u2550\u2550\u2550\u2550\u2550\u2550
\u2550\u2550\u2550\u2550\u2550\u2550\u2550\u2550\u2550\u2550\u2550\u2550\u2550\
u2550\u2550\u2550\u2550\u2550\u2550\u2550\u2550\u2550\u2550\u2550\u2550\u2550\u
2550\u2550\u2550\u2550\u2550\u2550\u2550\u2550\u2550\u2550\u2550\u2550\u2550\u2
550\u2550\u2550\u2550\u2550\u2550\u2550\u2550\u2550\u2550\u2550\u2550
2026-03-30 16:08:02,742 | __main__ | INFO | 
======================================================================
2026-03-30 16:08:02,742 | __main__ | INFO | INFRASTRUCTURE VERIFICATION
2026-03-30 16:08:02,742 | __main__ | INFO | 
======================================================================
2026-03-30 16:08:02,742 | python.docker_manager | INFO | PDK found via env 
PDK_ROOT: C:\pdk
2026-03-30 16:08:02,959 | __main__ | INFO | \u2713 Docker installed: True
2026-03-30 16:08:02,959 | __main__ | INFO | \u2713 Docker running: True
2026-03-30 16:08:02,959 | __main__ | INFO | \u2713 Docker version: Docker 
version 29.2.1, build a5c7197
2026-03-30 16:08:03,093 | __main__ | INFO | \u2713 OpenLane image exists: True
2026-03-30 16:08:03,093 | __main__ | INFO | \u2713 Image size: 1.01 GB
2026-03-30 16:08:03,093 | python.pdk_manager | INFO | PDK auto-detected at: 
C:\pdk\sky130A
2026-03-30 16:08:03,094 | __main__ | INFO | \u2713 PDK found at: C:\pdk
2026-03-30 16:08:03,094 | __main__ | INFO | \u2713 Infrastructure ready
2026-03-30 16:08:03,094 | __main__ | INFO | 
======================================================================
2026-03-30 16:08:03,094 | __main__ | INFO | TEST: Synthesis (adder_8bit)
2026-03-30 16:08:03,094 | __main__ | INFO | 
======================================================================
2026-03-30 16:08:03,094 | __main__ | INFO | Input RTL: 
C:\Users\venka\Documents\rtl-gen-aii\validation\adder_8bit.v
2026-03-30 16:08:03,094 | __main__ | INFO | Top module: adder_8bit
2026-03-30 16:08:03,094 | __main__ | INFO | Output dir: 
C:\Users\venka\Documents\rtl-gen-aii\validation\integration_tests
2026-03-30 16:08:03,095 | python.docker_manager | INFO | PDK found via env 
PDK_ROOT: C:\pdk
2026-03-30 16:08:03,311 | __main__ | INFO | Running Yosys synthesis...
2026-03-30 16:08:05,849 | python.full_flow._Synthesiser | INFO | Synthesis 
complete: adder_8bit_synth.v (3532 bytes, sky130_cells=True)
2026-03-30 16:08:05,849 | __main__ | INFO | \u2713 Netlist created: C:\Users\ve
nka\Documents\rtl-gen-aii\validation\integration_tests\00_test_synth\adder_8bit
_synth.v
2026-03-30 16:08:05,849 | __main__ | INFO | \u2713 File size: 3532 bytes
2026-03-30 16:08:05,849 | __main__ | INFO | \u2713 Has 'module' keyword: True
2026-03-30 16:08:05,849 | __main__ | INFO | \u2713 Has Sky130 cells: True
2026-03-30 16:08:05,849 | __main__ | INFO | \u2713 Yosys version detected in 
output
2026-03-30 16:08:05,849 | __main__ | INFO | \u2713 Synthesis test passed
2026-03-30 16:08:05,849 | __main__ | INFO | 
======================================================================
2026-03-30 16:08:05,849 | __main__ | INFO | TEST: Full Pipeline (adder_8bit)
2026-03-30 16:08:05,849 | __main__ | INFO | 
======================================================================
2026-03-30 16:08:05,850 | __main__ | INFO | Run directory: C:\Users\venka\Docum
ents\rtl-gen-aii\validation\integration_tests\pipeline_test_20260330_160805
2026-03-30 16:08:05,855 | python.docker_manager | INFO | PDK found via env 
PDK_ROOT: C:\pdk
2026-03-30 16:08:06,072 | python.pdk_manager | INFO | PDK auto-detected at: 
C:\pdk\sky130A
2026-03-30 16:08:06,072 | python.pdk_manager | INFO | PDK validation PASSED | 
libs=['sky130_fd_sc_hd', 'sky130_fd_io'] | errors=0 warnings=3
2026-03-30 16:08:06,077 | python.docker_manager | INFO | PDK found via env 
PDK_ROOT: C:\pdk
2026-03-30 16:08:06,077 | python.pdk_manager | INFO | PDK auto-detected at: 
C:\pdk\sky130A
2026-03-30 16:08:06,077 | python.docker_manager | INFO | PDK found via env 
PDK_ROOT: C:\pdk
2026-03-30 16:08:06,293 | python.pdk_manager | INFO | PDK auto-detected at: 
C:\pdk\sky130A
2026-03-30 16:08:06,296 | python.pdk_manager | INFO | PDK validation PASSED | 
libs=['sky130_fd_sc_hd', 'sky130_fd_io'] | errors=0 warnings=3
2026-03-30 16:08:08,743 | python.full_flow._Synthesiser | INFO | Synthesis 
complete: adder_8bit_synth.v (3532 bytes, sky130_cells=True)
2026-03-30 16:08:08,747 | python.docker_manager | INFO | PDK found via env 
PDK_ROOT: C:\pdk
2026-03-30 16:08:11,907 | python.placer | INFO | Placement: adder_8bit | 
density=0.6 | clk=10.0ns
2026-03-30 16:08:11,922 | python.placer | INFO | Copied netlist to work dir: C:
\Users\venka\Documents\rtl-gen-aii\validation\integration_tests\pipeline_test_2
0260330_160805\02_synthesis\adder_8bit_synth.v
2026-03-30 16:08:15,078 | python.placer | ERROR | Placement Docker failed 
(exit=1)
2026-03-30 16:08:15,078 | python.placer | ERROR | Docker stdout:
OpenROAD b16bda7e82721d10566ff7e2b68f1ff0be9f9e38 
Features included (+) or not (-): +Charts +GPU +GUI +Python
This program is licensed under the BSD-3 license. See the LICENSE file for 
details.
Components of this program may be licensed under more restrictive licenses 
which must be honored.
[INFO ODB-0227] LEF file: 
/pdk/sky130A/libs.ref/sky130_fd_sc_hd/techlef/sky130_fd_sc_hd__nom.tlef, 
created 13 layers, 25 vias
[WARNING ODB-0220] WARNING (LEFPARS-2008): NOWIREEXTENSIONATPIN statement is 
obsolete in version 5.6 or later.
The NOWIREEXTENSIONATPIN statement will be ignored. See file 
/pdk/sky130A/libs.ref/sky130_fd_sc_hd/lef/sky130_fd_sc_hd.lef at line 2.

[INFO ODB-0227] LEF file: 
/pdk/sky130A/libs.ref/sky130_fd_sc_hd/lef/sky130_fd_sc_hd.lef, created 437 
library cells
[INFO ODB-0127] Reading DEF file: /work/floorplan.def
[INFO ODB-0128] Design: adder_8bit
[INFO ODB-0130]     Created 26 pins.
[INFO ODB-0131]     Created 38 components and 253 component-terminals.
[INFO ODB-0133]     Created 52 nets and 109 connections.
[INFO ODB-0134] Finished DEF file: /work/floorplan.def
[INFO GPL-0002] DBU: 1000
[INFO GPL-0003] SiteSize: (  0.460  2.720 ) um
[INFO GPL-0004] CoreBBox: ( 10.120 10.880 ) ( 29.900 29.920 ) um
[WARNING GPL-0001] sum[8] toplevel port is not placed!
       Replace will regard sum[8] is placed in (0, 0)
[WARNING GPL-0001] sum[7] toplevel port is not placed!
       Replace will regard sum[7] is placed in (0, 0)
[WARNING GPL-0001] sum[6] toplevel port is not placed!
       Replace will regard sum[6] is placed in (0, 0)
[WARNING GPL-0001] sum[5] toplevel port is not placed!
       Replace will regard sum[5] is placed in (0, 0)
[WARNING GPL-0001] sum[4] toplevel port is not placed!
       Replace will regard sum[4] is placed in (0, 0)
[WARNING GPL-0001] sum[3] toplevel port is not placed!
       Replace will regard sum[3] is placed in (0, 0)
[WARNING GPL-0001] sum[2] toplevel port is not placed!
       Replace will regard sum[2] is placed in (0, 0)
[WARNING GPL-0001] sum[1] toplevel port is not placed!
       Replace will regard sum[1] is placed in (0, 0)
[WARNING GPL-0001] sum[0] toplevel port is not placed!
       Replace will regard sum[0] is placed in (0, 0)
[WARNING GPL-0001] clk toplevel port is not placed!
       Replace will regard clk is placed in (0, 0)
[WARNING GPL-0001] b[7] toplevel port is not placed!
       Replace will regard b[7] is placed in (0, 0)
[WARNING GPL-0001] b[6] toplevel port is not placed!
       Replace will regard b[6] is placed in (0, 0)
[WARNING GPL-0001] b[5] toplevel port is not placed!
       Replace will regard b[5] is placed in (0, 0)
[WARNING GPL-0001] b[4] toplevel port is not placed!
       Replace will regard b[4] is placed in (0, 0)
[WARNING GPL-0001] b[3] toplevel port is not placed!
       Replace will regard b[3] is placed in (0, 0)
[WARNING GPL-0001] b[2] toplevel port is not placed!
       Replace will regard b[2] is placed in (0, 0)
[WARNING GPL-0001] b[1] toplevel port is not placed!
       Replace will regard b[1] is placed in (0, 0)
[WARNING GPL-0001] b[0] toplevel port is not placed!
       Replace will regard b[0] is placed in (0, 0)
[WARNING GPL-0001] a[7] toplevel port is not placed!
       Replace will regard a[7] is placed in (0, 0)
[WARNING GPL-0001] a[6] toplevel port is not placed!
       Replace will regard a[6] is placed in (0, 0)
[WARNING GPL-0001] a[5] toplevel port is not placed!
       Replace will regard a[5] is placed in (0, 0)
[WARNING GPL-0001] a[4] toplevel port is not placed!
       Replace will regard a[4] is placed in (0, 0)
[WARNING GPL-0001] a[3] toplevel port is not placed!
       Replace will regard a[3] is placed in (0, 0)
[WARNING GPL-0001] a[2] toplevel port is not placed!
       Replace will regard a[2] is placed in (0, 0)
[WARNING GPL-0001] a[1] toplevel port is not placed!
       Replace will regard a[1] is placed in (0, 0)
[WARNING GPL-0001] a[0] toplevel port is not placed!
       Replace will regard a[0] is placed in (0, 0)
[INFO GPL-0006] NumInstances:                34
[INFO GPL-0007] NumPlaceInstances:           34
[INFO GPL-0008] NumFixedInstances:            0
[INFO GPL-0009] NumDummyInstances:            0
[INFO GPL-0010] NumNets:                     51
[INFO GPL-0011] NumPins:                    135
[INFO GPL-0012] DieBBox:  (  0.000  0.000 ) ( 40.000 40.000 ) um
[INFO GPL-0013] CoreBBox: ( 10.120 10.880 ) ( 29.900 29.920 ) um
[INFO GPL-0016] CoreArea:               376.611 um^2
[INFO GPL-0017] NonPlaceInstsArea:        0.000 um^2
[INFO GPL-0018] PlaceInstsArea:         385.370 um^2
[INFO GPL-0019] Util:                   102.326 %
[INFO GPL-0020] StdInstsArea:           385.370 um^2
[INFO GPL-0021] MacroInstsArea:           0.000 um^2
[ERROR GPL-0301] Utilization 102.326 % exceeds 100%.
Error: placement.tcl, 36 GPL-0301

2026-03-30 16:08:15,078 | python.placer | ERROR | Docker stderr:

2026-03-30 16:08:15,078 | python.placer | ERROR | Error: [ERROR GPL-0301] 
Utilization 102.326 % exceeds 100%.
2026-03-30 16:08:15,078 | __main__ | INFO | 
Pipeline completed in 9.2 seconds
2026-03-30 16:08:15,078 | __main__ | ERROR | \u274c Pipeline failed at stage: 
placement
2026-03-30 16:08:15,078 | __main__ | ERROR |    Error: [ERROR GPL-0301] 
Utilization 102.326 % exceeds 100%.
2026-03-30 16:08:15,078 | __main__ | INFO | \u2713 rtl             
C:\Users\venka\Documents\rtl-gen-aii\validation\adder_8bit.v
2026-03-30 16:08:15,079 | __main__ | INFO | \u2713 netlist         C:\Users\ven
ka\Documents\rtl-gen-aii\validation\integration_tests\pipeline_test_20260330_16
0805\02_synthesis\adder_8bit_synth.v
2026-03-30 16:08:15,079 | __main__ | INFO | \u2713 floorplan       C:\Users\ven
ka\Documents\rtl-gen-aii\validation\integration_tests\pipeline_test_20260330_16
0805\03_floorplan\floorplan.def
2026-03-30 16:08:15,079 | __main__ | INFO | \u2717 placement       N/A
2026-03-30 16:08:15,079 | __main__ | INFO | \u2717 cts             N/A
2026-03-30 16:08:15,079 | __main__ | INFO | \u2717 routing         N/A
2026-03-30 16:08:15,079 | __main__ | INFO | \u2717 gds             N/A
2026-03-30 16:08:15,079 | __main__ | INFO | \u2717 package_dir     N/A
2026-03-30 16:08:15,079 | __main__ | INFO | 
\u274c Pipeline test: FAIL
2026-03-30 16:08:15,079 | __main__ | INFO | 
\u2550\u2550\u2550\u2550\u2550\u2550\u2550\u2550\u2550\u2550\u2550\u2550\u2550\
u2550\u2550\u2550\u2550\u2550\u2550\u2550\u2550\u2550\u2550\u2550\u2550\u2550\u
2550\u2550\u2550\u2550\u2550\u2550\u2550\u2550\u2550\u2550\u2550\u2550\u2550\u2
550\u2550\u2550\u2550\u2550\u2550\u2550\u2550\u2550\u2550\u2550\u2550\u2550\u25
50\u2550\u2550\u2550\u2550\u2550\u2550\u2550\u2550\u2550\u2550\u2550\u2550\u255
0\u2550\u2550\u2550\u2550
2026-03-30 16:08:15,079 | __main__ | INFO | TEST SUMMARY
2026-03-30 16:08:15,079 | __main__ | INFO | \u2550\u2550\u2550\u2550\u2550\u255
0\u2550\u2550\u2550\u2550\u2550\u2550\u2550\u2550\u2550\u2550\u2550\u2550\u2550
\u2550\u2550\u2550\u2550\u2550\u2550\u2550\u2550\u2550\u2550\u2550\u2550\u2550\
u2550\u2550\u2550\u2550\u2550\u2550\u2550\u2550\u2550\u2550\u2550\u2550\u2550\u
2550\u2550\u2550\u2550\u2550\u2550\u2550\u2550\u2550\u2550\u2550\u2550\u2550\u2
550\u2550\u2550\u2550\u2550\u2550\u2550\u2550\u2550\u2550\u2550\u2550
2026-03-30 16:08:15,079 | __main__ | INFO | \u2713 synthesis            PASS
2026-03-30 16:08:15,079 | __main__ | INFO | \u274c full_pipeline        FAIL
2026-03-30 16:08:15,079 | __main__ | INFO | 
2026-03-30 16:08:15,079 | __main__ | INFO | Total: 1/2 passed
2026-03-30 16:08:15,082 | __main__ | INFO | 
Report saved to: 
C:\Users\venka\Documents\rtl-gen-aii\validation\integration_test_results.json
