
======================================================================
WEEK 23 INTEGRATION TEST SUITE
======================================================================
======================================================================
TEST 1: COMPLETE VERIFICATION PIPELINE
======================================================================

[1/6] Running synthesis...

======================================================================
SYNTHESIS: counter_with_enable
======================================================================
  [FAIL] Synthesis failed

======================================================================
TEST 2: OPTIMIZATION PIPELINE
======================================================================

[1/2] Power optimization analysis...

======================================================================
POWER ANALYSIS: alu_8bit
======================================================================

Operating Conditions:
  Frequency: 200.00 MHz
  Activity factor: 0.25
  Technology: 45nm
  Supply voltage: 1.10V

Power Consumption:
  Dynamic power: 1.2780 mW (100.0%)
    - Clock: 0.3630 mW
    - Logic: 0.8400 mW
    - Registers: 0.0750 mW
  Leakage power: 0.0001 mW (0.0%)

  TOTAL POWER: 1.2781 mW

  Power per bit: 0.1598 mW/bit

======================================================================
POWER OPTIMIZATION ANALYSIS
======================================================================

Current power: 1.2781 mW
Target power: 10.0000 mW
Required reduction: -8.7219 mW (-682.4%)

======================================================================
OPTIMIZATION SUGGESTIONS
======================================================================

1. Logic Restructuring [Low Priority]
   Optimize logic for lower power
   Reason: High combinational logic power (65.7%)
   Complexity: Medium
   Estimated savings: 20.0% (0.2556 mW)
   New power: 1.0225 mW
   Meets target: YES

2. Operand Isolation [Low Priority]
   Prevent unnecessary transitions in logic
   Reason: Arithmetic units present that could benefit from isolation
   Complexity: Low
   Estimated savings: 15.0% (0.1917 mW)
   New power: 1.0864 mW
   Meets target: YES

======================================================================
COMBINED IMPACT (if all applied)
======================================================================
  Total savings: 0.4473 mW (35.0%)
  Final power: 0.8308 mW
c:/Users/venka/Documents/rtl-gen-aii/.venv/Scripts/python.exe : Traceback 
(most recent call last):
At line:1 char:1
+ c:/Users/venka/Documents/rtl-gen-aii/.venv/Scripts/python.exe test_we ...
+ ~~~~~~~~~~~~~~~~~~~~~~~~~~~~~~~~~~~~~~~~~~~~~~~~~~~~~~~~~~~~~~~~~~~~~
    + CategoryInfo          : NotSpecified: (Traceback (most recent call last) 
   ::String) [], RemoteException
    + FullyQualifiedErrorId : NativeCommandError
 
  File "C:\Users\venka\Documents\rtl-gen-aii\test_week23_integration.py", line 
498, in <module>
    success = main()
  File "C:\Users\venka\Documents\rtl-gen-aii\test_week23_integration.py", line 
464, in main
    results.append(("Optimization Pipeline", test_optimization_pipeline()))
                                             ~~~~~~~~~~~~~~~~~~~~~~~~~~^^
  File "C:\Users\venka\Documents\rtl-gen-aii\test_week23_integration.py", line 
175, in test_optimization_pipeline
    print(f"  \u2713 Power optimization complete")
    ~~~~~^^^^^^^^^^^^^^^^^^^^^^^^^^^^^^^^^^^^
  File "C:\Users\venka\AppData\Local\Programs\Python\Python314\Lib\encodings\cp
1252.py", line 19, in encode
    return codecs.charmap_encode(input,self.errors,encoding_table)[0]
           ~~~~~~~~~~~~~~~~~~~~~^^^^^^^^^^^^^^^^^^^^^^^^^^^^^^^^^^
UnicodeEncodeError: 'charmap' codec can't encode character '\u2713' in 
position 2: character maps to <undefined>
